Copyright 1986-2022 Xilinx, Inc. All Rights Reserved. Copyright 2022-2024 Advanced Micro Devices, Inc. All Rights Reserved.
---------------------------------------------------------------------------------------------------------------------------------------------
| Tool Version : Vivado v.2024.2 (win64) Build 5239630 Fri Nov 08 22:35:27 MST 2024
| Date         : Thu Sep  3 14:02:49 2026
| Host         : DESKTOP-ADCQ3LG running 64-bit major release  (build 9200)
| Command      : report_drc -file G:/EEG/Workflow/prj/eeg_2or8to2or16/output/report/.staging/route/physical/route_drc.rpt
| Design       : eeg_bci_ps_pl_system_wrapper
| Device       : xc7z020clg400-1
| Speed File   : -1
| Design State : Fully Routed
---------------------------------------------------------------------------------------------------------------------------------------------

Report DRC

Table of Contents
-----------------
1. REPORT SUMMARY
2. REPORT DETAILS

1. REPORT SUMMARY
-----------------
            Netlist: netlist
          Floorplan: impl_1
      Design limits: <entire design considered>
           Ruledeck: default
             Max checks: <unlimited>
             Checks found: 56
+-----------+----------+----------------------------+--------+
| Rule      | Severity | Description                | Checks |
+-----------+----------+----------------------------+--------+
| CHECK-3   | Warning  | Report rule limit reached  | 3      |
| PDRC-134  | Warning  | SLICE_PairEqSame_B6B5_WARN | 8      |
| PDRC-136  | Warning  | SLICE_PairEqSame_C6C5_WARN | 3      |
| PDRC-144  | Warning  | SLICE_PairEqSame_C6C5_WARN | 1      |
| RBOR-1    | Warning  | RAMB output registers      | 1      |
| REQP-1839 | Warning  | RAMB36 async control check | 20     |
| REQP-1840 | Warning  | RAMB18 async control check | 20     |
+-----------+----------+----------------------------+--------+

2. REPORT DETAILS
-----------------
CHECK-3#1 Warning
Report rule limit reached  
REQP-1839 rule limit reached: 20 violations have been found.
Related violations: <none>

CHECK-3#2 Warning
Report rule limit reached  
REQP-1839 rule limit reached: 20 violations have been found.
Related violations: <none>

CHECK-3#3 Warning
Report rule limit reached  
REQP-1840 rule limit reached: 20 violations have been found.
Related violations: <none>

PDRC-134#1 Warning
SLICE_PairEqSame_B6B5_WARN  
Luts B6LUT and B5LUT in use in site SLICE_X28Y77 with different equations without A6 pin connected to Global Logic High.
Related violations: <none>

PDRC-134#2 Warning
SLICE_PairEqSame_B6B5_WARN  
Luts B6LUT and B5LUT in use in site SLICE_X29Y77 with different equations without A6 pin connected to Global Logic High.
Related violations: <none>

PDRC-134#3 Warning
SLICE_PairEqSame_B6B5_WARN  
Luts B6LUT and B5LUT in use in site SLICE_X31Y85 with different equations without A6 pin connected to Global Logic High.
Related violations: <none>

PDRC-134#4 Warning
SLICE_PairEqSame_B6B5_WARN  
Luts B6LUT and B5LUT in use in site SLICE_X37Y87 with different equations without A6 pin connected to Global Logic High.
Related violations: <none>

PDRC-134#5 Warning
SLICE_PairEqSame_B6B5_WARN  
Luts B6LUT and B5LUT in use in site SLICE_X39Y92 with different equations without A6 pin connected to Global Logic High.
Related violations: <none>

PDRC-134#6 Warning
SLICE_PairEqSame_B6B5_WARN  
Luts B6LUT and B5LUT in use in site SLICE_X43Y55 with different equations without A6 pin connected to Global Logic High.
Related violations: <none>

PDRC-134#7 Warning
SLICE_PairEqSame_B6B5_WARN  
Luts B6LUT and B5LUT in use in site SLICE_X44Y66 with different equations without A6 pin connected to Global Logic High.
Related violations: <none>

PDRC-134#8 Warning
SLICE_PairEqSame_B6B5_WARN  
Luts B6LUT and B5LUT in use in site SLICE_X44Y94 with different equations without A6 pin connected to Global Logic High.
Related violations: <none>

PDRC-136#1 Warning
SLICE_PairEqSame_C6C5_WARN  
Luts C6LUT and C5LUT in use in site SLICE_X28Y77 with different equations without A6 pin connected to Global Logic High.
Related violations: <none>

PDRC-136#2 Warning
SLICE_PairEqSame_C6C5_WARN  
Luts C6LUT and C5LUT in use in site SLICE_X31Y85 with different equations without A6 pin connected to Global Logic High.
Related violations: <none>

PDRC-136#3 Warning
SLICE_PairEqSame_C6C5_WARN  
Luts C6LUT and C5LUT in use in site SLICE_X37Y87 with different equations without A6 pin connected to Global Logic High.
Related violations: <none>

PDRC-144#1 Warning
SLICE_PairEqSame_C6C5_WARN  
Luts C6LUT and C5LUT in use in site SLICE_X42Y57 with different equations without A6 pin connected to Global Logic High.
Related violations: <none>

RBOR-1#1 Warning
RAMB output registers  
RAMB eeg_bci_ps_pl_system_i/sample_bram_0/U0/inst_blk_mem_gen/gnbram.gnative_mem_map_bmg.native_mem_map_blk_mem_gen/valid.cstr/ramloop[0].ram.r/prim_noinit.ram/DEVICE_7SERIES.WITH_BMM_INFO.TRUE_DP.SIMPLE_PRIM36.TDP_SP36_NO_ECC_ATTR.ram output DOB (16) is connected to asynchronous registers, if you use synchronous controls you will get better results both in area and delay (RAMB has synchronous registers built in).
Related violations: <none>

REQP-1839#1 Warning
RAMB36 async control check  
The RAMB36E1 eeg_bci_ps_pl_system_i/BCI_0/inst/accelerator/core/scheduler/parameter_memory_reg_1 has an input control pin eeg_bci_ps_pl_system_i/BCI_0/inst/accelerator/core/scheduler/parameter_memory_reg_1/ADDRARDADDR[14] (net: eeg_bci_ps_pl_system_i/BCI_0/inst/accelerator/core/scheduler/parameter_read_high_q1[8]) which is driven by a register (eeg_bci_ps_pl_system_i/BCI_0/inst/accelerator/core/datapath/active_opcode_reg[0]) that has an active asychronous set or reset. This may cause corruption of the memory contents and/or read values when the set/reset is asserted and is not analyzed by the default static timing analysis. It is suggested to eliminate the use of a set/reset to registers driving this RAMB pin or else use a synchronous reset in which the assertion of the reset is timed by default.
Related violations: <none>

REQP-1839#2 Warning
RAMB36 async control check  
The RAMB36E1 eeg_bci_ps_pl_system_i/BCI_0/inst/accelerator/core/scheduler/parameter_memory_reg_1 has an input control pin eeg_bci_ps_pl_system_i/BCI_0/inst/accelerator/core/scheduler/parameter_memory_reg_1/ADDRARDADDR[14] (net: eeg_bci_ps_pl_system_i/BCI_0/inst/accelerator/core/scheduler/parameter_read_high_q1[8]) which is driven by a register (eeg_bci_ps_pl_system_i/BCI_0/inst/accelerator/core/datapath/active_opcode_reg[1]) that has an active asychronous set or reset. This may cause corruption of the memory contents and/or read values when the set/reset is asserted and is not analyzed by the default static timing analysis. It is suggested to eliminate the use of a set/reset to registers driving this RAMB pin or else use a synchronous reset in which the assertion of the reset is timed by default.
Related violations: <none>

REQP-1839#3 Warning
RAMB36 async control check  
The RAMB36E1 eeg_bci_ps_pl_system_i/BCI_0/inst/accelerator/core/scheduler/parameter_memory_reg_1 has an input control pin eeg_bci_ps_pl_system_i/BCI_0/inst/accelerator/core/scheduler/parameter_memory_reg_1/ADDRARDADDR[14] (net: eeg_bci_ps_pl_system_i/BCI_0/inst/accelerator/core/scheduler/parameter_read_high_q1[8]) which is driven by a register (eeg_bci_ps_pl_system_i/BCI_0/inst/accelerator/core/datapath/active_opcode_reg[2]) that has an active asychronous set or reset. This may cause corruption of the memory contents and/or read values when the set/reset is asserted and is not analyzed by the default static timing analysis. It is suggested to eliminate the use of a set/reset to registers driving this RAMB pin or else use a synchronous reset in which the assertion of the reset is timed by default.
Related violations: <none>

REQP-1839#4 Warning
RAMB36 async control check  
The RAMB36E1 eeg_bci_ps_pl_system_i/BCI_0/inst/accelerator/core/scheduler/parameter_memory_reg_1 has an input control pin eeg_bci_ps_pl_system_i/BCI_0/inst/accelerator/core/scheduler/parameter_memory_reg_1/ADDRARDADDR[14] (net: eeg_bci_ps_pl_system_i/BCI_0/inst/accelerator/core/scheduler/parameter_read_high_q1[8]) which is driven by a register (eeg_bci_ps_pl_system_i/BCI_0/inst/accelerator/core/datapath/active_opcode_reg[3]_rep) that has an active asychronous set or reset. This may cause corruption of the memory contents and/or read values when the set/reset is asserted and is not analyzed by the default static timing analysis. It is suggested to eliminate the use of a set/reset to registers driving this RAMB pin or else use a synchronous reset in which the assertion of the reset is timed by default.
Related violations: <none>

REQP-1839#5 Warning
RAMB36 async control check  
The RAMB36E1 eeg_bci_ps_pl_system_i/BCI_0/inst/accelerator/core/scheduler/parameter_memory_reg_1 has an input control pin eeg_bci_ps_pl_system_i/BCI_0/inst/accelerator/core/scheduler/parameter_memory_reg_1/ADDRARDADDR[14] (net: eeg_bci_ps_pl_system_i/BCI_0/inst/accelerator/core/scheduler/parameter_read_high_q1[8]) which is driven by a register (eeg_bci_ps_pl_system_i/BCI_0/inst/accelerator/core/datapath/active_opcode_reg[3]_rep__0) that has an active asychronous set or reset. This may cause corruption of the memory contents and/or read values when the set/reset is asserted and is not analyzed by the default static timing analysis. It is suggested to eliminate the use of a set/reset to registers driving this RAMB pin or else use a synchronous reset in which the assertion of the reset is timed by default.
Related violations: <none>

REQP-1839#6 Warning
RAMB36 async control check  
The RAMB36E1 eeg_bci_ps_pl_system_i/BCI_0/inst/accelerator/core/scheduler/parameter_memory_reg_1 has an input control pin eeg_bci_ps_pl_system_i/BCI_0/inst/accelerator/core/scheduler/parameter_memory_reg_1/ADDRARDADDR[14] (net: eeg_bci_ps_pl_system_i/BCI_0/inst/accelerator/core/scheduler/parameter_read_high_q1[8]) which is driven by a register (eeg_bci_ps_pl_system_i/BCI_0/inst/accelerator/core/datapath/parameter_load_base_reg[0]) that has an active asychronous set or reset. This may cause corruption of the memory contents and/or read values when the set/reset is asserted and is not analyzed by the default static timing analysis. It is suggested to eliminate the use of a set/reset to registers driving this RAMB pin or else use a synchronous reset in which the assertion of the reset is timed by default.
Related violations: <none>

REQP-1839#7 Warning
RAMB36 async control check  
The RAMB36E1 eeg_bci_ps_pl_system_i/BCI_0/inst/accelerator/core/scheduler/parameter_memory_reg_1 has an input control pin eeg_bci_ps_pl_system_i/BCI_0/inst/accelerator/core/scheduler/parameter_memory_reg_1/ADDRARDADDR[14] (net: eeg_bci_ps_pl_system_i/BCI_0/inst/accelerator/core/scheduler/parameter_read_high_q1[8]) which is driven by a register (eeg_bci_ps_pl_system_i/BCI_0/inst/accelerator/core/datapath/parameter_load_base_reg[10]) that has an active asychronous set or reset. This may cause corruption of the memory contents and/or read values when the set/reset is asserted and is not analyzed by the default static timing analysis. It is suggested to eliminate the use of a set/reset to registers driving this RAMB pin or else use a synchronous reset in which the assertion of the reset is timed by default.
Related violations: <none>

REQP-1839#8 Warning
RAMB36 async control check  
The RAMB36E1 eeg_bci_ps_pl_system_i/BCI_0/inst/accelerator/core/scheduler/parameter_memory_reg_1 has an input control pin eeg_bci_ps_pl_system_i/BCI_0/inst/accelerator/core/scheduler/parameter_memory_reg_1/ADDRARDADDR[14] (net: eeg_bci_ps_pl_system_i/BCI_0/inst/accelerator/core/scheduler/parameter_read_high_q1[8]) which is driven by a register (eeg_bci_ps_pl_system_i/BCI_0/inst/accelerator/core/datapath/parameter_load_base_reg[2]) that has an active asychronous set or reset. This may cause corruption of the memory contents and/or read values when the set/reset is asserted and is not analyzed by the default static timing analysis. It is suggested to eliminate the use of a set/reset to registers driving this RAMB pin or else use a synchronous reset in which the assertion of the reset is timed by default.
Related violations: <none>

REQP-1839#9 Warning
RAMB36 async control check  
The RAMB36E1 eeg_bci_ps_pl_system_i/BCI_0/inst/accelerator/core/scheduler/parameter_memory_reg_1 has an input control pin eeg_bci_ps_pl_system_i/BCI_0/inst/accelerator/core/scheduler/parameter_memory_reg_1/ADDRARDADDR[14] (net: eeg_bci_ps_pl_system_i/BCI_0/inst/accelerator/core/scheduler/parameter_read_high_q1[8]) which is driven by a register (eeg_bci_ps_pl_system_i/BCI_0/inst/accelerator/core/datapath/parameter_load_base_reg[3]) that has an active asychronous set or reset. This may cause corruption of the memory contents and/or read values when the set/reset is asserted and is not analyzed by the default static timing analysis. It is suggested to eliminate the use of a set/reset to registers driving this RAMB pin or else use a synchronous reset in which the assertion of the reset is timed by default.
Related violations: <none>

REQP-1839#10 Warning
RAMB36 async control check  
The RAMB36E1 eeg_bci_ps_pl_system_i/BCI_0/inst/accelerator/core/scheduler/parameter_memory_reg_1 has an input control pin eeg_bci_ps_pl_system_i/BCI_0/inst/accelerator/core/scheduler/parameter_memory_reg_1/ADDRARDADDR[14] (net: eeg_bci_ps_pl_system_i/BCI_0/inst/accelerator/core/scheduler/parameter_read_high_q1[8]) which is driven by a register (eeg_bci_ps_pl_system_i/BCI_0/inst/accelerator/core/datapath/parameter_load_base_reg[5]) that has an active asychronous set or reset. This may cause corruption of the memory contents and/or read values when the set/reset is asserted and is not analyzed by the default static timing analysis. It is suggested to eliminate the use of a set/reset to registers driving this RAMB pin or else use a synchronous reset in which the assertion of the reset is timed by default.
Related violations: <none>

REQP-1839#11 Warning
RAMB36 async control check  
The RAMB36E1 eeg_bci_ps_pl_system_i/BCI_0/inst/accelerator/core/scheduler/parameter_memory_reg_1 has an input control pin eeg_bci_ps_pl_system_i/BCI_0/inst/accelerator/core/scheduler/parameter_memory_reg_1/ADDRARDADDR[14] (net: eeg_bci_ps_pl_system_i/BCI_0/inst/accelerator/core/scheduler/parameter_read_high_q1[8]) which is driven by a register (eeg_bci_ps_pl_system_i/BCI_0/inst/accelerator/core/datapath/parameter_load_base_reg[6]) that has an active asychronous set or reset. This may cause corruption of the memory contents and/or read values when the set/reset is asserted and is not analyzed by the default static timing analysis. It is suggested to eliminate the use of a set/reset to registers driving this RAMB pin or else use a synchronous reset in which the assertion of the reset is timed by default.
Related violations: <none>

REQP-1839#12 Warning
RAMB36 async control check  
The RAMB36E1 eeg_bci_ps_pl_system_i/BCI_0/inst/accelerator/core/scheduler/parameter_memory_reg_1 has an input control pin eeg_bci_ps_pl_system_i/BCI_0/inst/accelerator/core/scheduler/parameter_memory_reg_1/ADDRARDADDR[14] (net: eeg_bci_ps_pl_system_i/BCI_0/inst/accelerator/core/scheduler/parameter_read_high_q1[8]) which is driven by a register (eeg_bci_ps_pl_system_i/BCI_0/inst/accelerator/core/datapath/parameter_load_index_reg[0]) that has an active asychronous set or reset. This may cause corruption of the memory contents and/or read values when the set/reset is asserted and is not analyzed by the default static timing analysis. It is suggested to eliminate the use of a set/reset to registers driving this RAMB pin or else use a synchronous reset in which the assertion of the reset is timed by default.
Related violations: <none>

REQP-1839#13 Warning
RAMB36 async control check  
The RAMB36E1 eeg_bci_ps_pl_system_i/sample_bram_0/U0/inst_blk_mem_gen/gnbram.gnative_mem_map_bmg.native_mem_map_blk_mem_gen/valid.cstr/ramloop[0].ram.r/prim_noinit.ram/DEVICE_7SERIES.WITH_BMM_INFO.TRUE_DP.SIMPLE_PRIM36.TDP_SP36_NO_ECC_ATTR.ram has an input control pin eeg_bci_ps_pl_system_i/sample_bram_0/U0/inst_blk_mem_gen/gnbram.gnative_mem_map_bmg.native_mem_map_blk_mem_gen/valid.cstr/ramloop[0].ram.r/prim_noinit.ram/DEVICE_7SERIES.WITH_BMM_INFO.TRUE_DP.SIMPLE_PRIM36.TDP_SP36_NO_ECC_ATTR.ram/ADDRARDADDR[14] (net: eeg_bci_ps_pl_system_i/sample_bram_0/U0/inst_blk_mem_gen/gnbram.gnative_mem_map_bmg.native_mem_map_blk_mem_gen/valid.cstr/ramloop[0].ram.r/prim_noinit.ram/addra[10]) which is driven by a register (eeg_bci_ps_pl_system_i/BCI_0/inst/araddr_hold_reg[12]) that has an active asychronous set or reset. This may cause corruption of the memory contents and/or read values when the set/reset is asserted and is not analyzed by the default static timing analysis. It is suggested to eliminate the use of a set/reset to registers driving this RAMB pin or else use a synchronous reset in which the assertion of the reset is timed by default.
Related violations: <none>

REQP-1839#14 Warning
RAMB36 async control check  
The RAMB36E1 eeg_bci_ps_pl_system_i/sample_bram_0/U0/inst_blk_mem_gen/gnbram.gnative_mem_map_bmg.native_mem_map_blk_mem_gen/valid.cstr/ramloop[0].ram.r/prim_noinit.ram/DEVICE_7SERIES.WITH_BMM_INFO.TRUE_DP.SIMPLE_PRIM36.TDP_SP36_NO_ECC_ATTR.ram has an input control pin eeg_bci_ps_pl_system_i/sample_bram_0/U0/inst_blk_mem_gen/gnbram.gnative_mem_map_bmg.native_mem_map_blk_mem_gen/valid.cstr/ramloop[0].ram.r/prim_noinit.ram/DEVICE_7SERIES.WITH_BMM_INFO.TRUE_DP.SIMPLE_PRIM36.TDP_SP36_NO_ECC_ATTR.ram/ADDRARDADDR[14] (net: eeg_bci_ps_pl_system_i/sample_bram_0/U0/inst_blk_mem_gen/gnbram.gnative_mem_map_bmg.native_mem_map_blk_mem_gen/valid.cstr/ramloop[0].ram.r/prim_noinit.ram/addra[10]) which is driven by a register (eeg_bci_ps_pl_system_i/BCI_0/inst/awaddr_hold_reg[15]) that has an active asychronous set or reset. This may cause corruption of the memory contents and/or read values when the set/reset is asserted and is not analyzed by the default static timing analysis. It is suggested to eliminate the use of a set/reset to registers driving this RAMB pin or else use a synchronous reset in which the assertion of the reset is timed by default.
Related violations: <none>

REQP-1839#15 Warning
RAMB36 async control check  
The RAMB36E1 eeg_bci_ps_pl_system_i/sample_bram_0/U0/inst_blk_mem_gen/gnbram.gnative_mem_map_bmg.native_mem_map_blk_mem_gen/valid.cstr/ramloop[0].ram.r/prim_noinit.ram/DEVICE_7SERIES.WITH_BMM_INFO.TRUE_DP.SIMPLE_PRIM36.TDP_SP36_NO_ECC_ATTR.ram has an input control pin eeg_bci_ps_pl_system_i/sample_bram_0/U0/inst_blk_mem_gen/gnbram.gnative_mem_map_bmg.native_mem_map_blk_mem_gen/valid.cstr/ramloop[0].ram.r/prim_noinit.ram/DEVICE_7SERIES.WITH_BMM_INFO.TRUE_DP.SIMPLE_PRIM36.TDP_SP36_NO_ECC_ATTR.ram/ADDRARDADDR[14] (net: eeg_bci_ps_pl_system_i/sample_bram_0/U0/inst_blk_mem_gen/gnbram.gnative_mem_map_bmg.native_mem_map_blk_mem_gen/valid.cstr/ramloop[0].ram.r/prim_noinit.ram/addra[10]) which is driven by a register (eeg_bci_ps_pl_system_i/BCI_0/inst/awaddr_hold_reg[19]) that has an active asychronous set or reset. This may cause corruption of the memory contents and/or read values when the set/reset is asserted and is not analyzed by the default static timing analysis. It is suggested to eliminate the use of a set/reset to registers driving this RAMB pin or else use a synchronous reset in which the assertion of the reset is timed by default.
Related violations: <none>

REQP-1839#16 Warning
RAMB36 async control check  
The RAMB36E1 eeg_bci_ps_pl_system_i/sample_bram_0/U0/inst_blk_mem_gen/gnbram.gnative_mem_map_bmg.native_mem_map_blk_mem_gen/valid.cstr/ramloop[0].ram.r/prim_noinit.ram/DEVICE_7SERIES.WITH_BMM_INFO.TRUE_DP.SIMPLE_PRIM36.TDP_SP36_NO_ECC_ATTR.ram has an input control pin eeg_bci_ps_pl_system_i/sample_bram_0/U0/inst_blk_mem_gen/gnbram.gnative_mem_map_bmg.native_mem_map_blk_mem_gen/valid.cstr/ramloop[0].ram.r/prim_noinit.ram/DEVICE_7SERIES.WITH_BMM_INFO.TRUE_DP.SIMPLE_PRIM36.TDP_SP36_NO_ECC_ATTR.ram/ADDRARDADDR[14] (net: eeg_bci_ps_pl_system_i/sample_bram_0/U0/inst_blk_mem_gen/gnbram.gnative_mem_map_bmg.native_mem_map_blk_mem_gen/valid.cstr/ramloop[0].ram.r/prim_noinit.ram/addra[10]) which is driven by a register (eeg_bci_ps_pl_system_i/BCI_0/inst/awaddr_hold_reg[21]) that has an active asychronous set or reset. This may cause corruption of the memory contents and/or read values when the set/reset is asserted and is not analyzed by the default static timing analysis. It is suggested to eliminate the use of a set/reset to registers driving this RAMB pin or else use a synchronous reset in which the assertion of the reset is timed by default.
Related violations: <none>

REQP-1839#17 Warning
RAMB36 async control check  
The RAMB36E1 eeg_bci_ps_pl_system_i/sample_bram_0/U0/inst_blk_mem_gen/gnbram.gnative_mem_map_bmg.native_mem_map_blk_mem_gen/valid.cstr/ramloop[0].ram.r/prim_noinit.ram/DEVICE_7SERIES.WITH_BMM_INFO.TRUE_DP.SIMPLE_PRIM36.TDP_SP36_NO_ECC_ATTR.ram has an input control pin eeg_bci_ps_pl_system_i/sample_bram_0/U0/inst_blk_mem_gen/gnbram.gnative_mem_map_bmg.native_mem_map_blk_mem_gen/valid.cstr/ramloop[0].ram.r/prim_noinit.ram/DEVICE_7SERIES.WITH_BMM_INFO.TRUE_DP.SIMPLE_PRIM36.TDP_SP36_NO_ECC_ATTR.ram/ADDRARDADDR[14] (net: eeg_bci_ps_pl_system_i/sample_bram_0/U0/inst_blk_mem_gen/gnbram.gnative_mem_map_bmg.native_mem_map_blk_mem_gen/valid.cstr/ramloop[0].ram.r/prim_noinit.ram/addra[10]) which is driven by a register (eeg_bci_ps_pl_system_i/BCI_0/inst/awaddr_hold_reg[22]) that has an active asychronous set or reset. This may cause corruption of the memory contents and/or read values when the set/reset is asserted and is not analyzed by the default static timing analysis. It is suggested to eliminate the use of a set/reset to registers driving this RAMB pin or else use a synchronous reset in which the assertion of the reset is timed by default.
Related violations: <none>

REQP-1839#18 Warning
RAMB36 async control check  
The RAMB36E1 eeg_bci_ps_pl_system_i/sample_bram_0/U0/inst_blk_mem_gen/gnbram.gnative_mem_map_bmg.native_mem_map_blk_mem_gen/valid.cstr/ramloop[0].ram.r/prim_noinit.ram/DEVICE_7SERIES.WITH_BMM_INFO.TRUE_DP.SIMPLE_PRIM36.TDP_SP36_NO_ECC_ATTR.ram has an input control pin eeg_bci_ps_pl_system_i/sample_bram_0/U0/inst_blk_mem_gen/gnbram.gnative_mem_map_bmg.native_mem_map_blk_mem_gen/valid.cstr/ramloop[0].ram.r/prim_noinit.ram/DEVICE_7SERIES.WITH_BMM_INFO.TRUE_DP.SIMPLE_PRIM36.TDP_SP36_NO_ECC_ATTR.ram/ADDRARDADDR[14] (net: eeg_bci_ps_pl_system_i/sample_bram_0/U0/inst_blk_mem_gen/gnbram.gnative_mem_map_bmg.native_mem_map_blk_mem_gen/valid.cstr/ramloop[0].ram.r/prim_noinit.ram/addra[10]) which is driven by a register (eeg_bci_ps_pl_system_i/BCI_0/inst/awaddr_hold_reg[23]) that has an active asychronous set or reset. This may cause corruption of the memory contents and/or read values when the set/reset is asserted and is not analyzed by the default static timing analysis. It is suggested to eliminate the use of a set/reset to registers driving this RAMB pin or else use a synchronous reset in which the assertion of the reset is timed by default.
Related violations: <none>

REQP-1839#19 Warning
RAMB36 async control check  
The RAMB36E1 eeg_bci_ps_pl_system_i/sample_bram_0/U0/inst_blk_mem_gen/gnbram.gnative_mem_map_bmg.native_mem_map_blk_mem_gen/valid.cstr/ramloop[0].ram.r/prim_noinit.ram/DEVICE_7SERIES.WITH_BMM_INFO.TRUE_DP.SIMPLE_PRIM36.TDP_SP36_NO_ECC_ATTR.ram has an input control pin eeg_bci_ps_pl_system_i/sample_bram_0/U0/inst_blk_mem_gen/gnbram.gnative_mem_map_bmg.native_mem_map_blk_mem_gen/valid.cstr/ramloop[0].ram.r/prim_noinit.ram/DEVICE_7SERIES.WITH_BMM_INFO.TRUE_DP.SIMPLE_PRIM36.TDP_SP36_NO_ECC_ATTR.ram/ADDRARDADDR[14] (net: eeg_bci_ps_pl_system_i/sample_bram_0/U0/inst_blk_mem_gen/gnbram.gnative_mem_map_bmg.native_mem_map_blk_mem_gen/valid.cstr/ramloop[0].ram.r/prim_noinit.ram/addra[10]) which is driven by a register (eeg_bci_ps_pl_system_i/BCI_0/inst/awaddr_hold_reg[27]) that has an active asychronous set or reset. This may cause corruption of the memory contents and/or read values when the set/reset is asserted and is not analyzed by the default static timing analysis. It is suggested to eliminate the use of a set/reset to registers driving this RAMB pin or else use a synchronous reset in which the assertion of the reset is timed by default.
Related violations: <none>

REQP-1839#20 Warning
RAMB36 async control check  
The RAMB36E1 eeg_bci_ps_pl_system_i/sample_bram_0/U0/inst_blk_mem_gen/gnbram.gnative_mem_map_bmg.native_mem_map_blk_mem_gen/valid.cstr/ramloop[0].ram.r/prim_noinit.ram/DEVICE_7SERIES.WITH_BMM_INFO.TRUE_DP.SIMPLE_PRIM36.TDP_SP36_NO_ECC_ATTR.ram has an input control pin eeg_bci_ps_pl_system_i/sample_bram_0/U0/inst_blk_mem_gen/gnbram.gnative_mem_map_bmg.native_mem_map_blk_mem_gen/valid.cstr/ramloop[0].ram.r/prim_noinit.ram/DEVICE_7SERIES.WITH_BMM_INFO.TRUE_DP.SIMPLE_PRIM36.TDP_SP36_NO_ECC_ATTR.ram/ADDRARDADDR[14] (net: eeg_bci_ps_pl_system_i/sample_bram_0/U0/inst_blk_mem_gen/gnbram.gnative_mem_map_bmg.native_mem_map_blk_mem_gen/valid.cstr/ramloop[0].ram.r/prim_noinit.ram/addra[10]) which is driven by a register (eeg_bci_ps_pl_system_i/BCI_0/inst/awaddr_hold_reg[30]) that has an active asychronous set or reset. This may cause corruption of the memory contents and/or read values when the set/reset is asserted and is not analyzed by the default static timing analysis. It is suggested to eliminate the use of a set/reset to registers driving this RAMB pin or else use a synchronous reset in which the assertion of the reset is timed by default.
Related violations: <none>

REQP-1840#1 Warning
RAMB18 async control check  
The RAMB18E1 eeg_bci_ps_pl_system_i/BCI_0/inst/accelerator/core/feature_memory/feature_memory_bank0_reg has an input control pin eeg_bci_ps_pl_system_i/BCI_0/inst/accelerator/core/feature_memory/feature_memory_bank0_reg/ADDRARDADDR[13] (net: eeg_bci_ps_pl_system_i/BCI_0/inst/accelerator/core/feature_memory/feature_memory_bank0_reg_0[9]) which is driven by a register (eeg_bci_ps_pl_system_i/BCI_0/inst/accelerator/core/datapath/active_opcode_reg[0]) that has an active asychronous set or reset. This may cause corruption of the memory contents and/or read values when the set/reset is asserted and is not analyzed by the default static timing analysis. It is suggested to eliminate the use of a set/reset to registers driving this RAMB pin or else use a synchronous reset in which the assertion of the reset is timed by default.
Related violations: <none>

REQP-1840#2 Warning
RAMB18 async control check  
The RAMB18E1 eeg_bci_ps_pl_system_i/BCI_0/inst/accelerator/core/feature_memory/feature_memory_bank0_reg has an input control pin eeg_bci_ps_pl_system_i/BCI_0/inst/accelerator/core/feature_memory/feature_memory_bank0_reg/ADDRARDADDR[13] (net: eeg_bci_ps_pl_system_i/BCI_0/inst/accelerator/core/feature_memory/feature_memory_bank0_reg_0[9]) which is driven by a register (eeg_bci_ps_pl_system_i/BCI_0/inst/accelerator/core/datapath/active_opcode_reg[1]) that has an active asychronous set or reset. This may cause corruption of the memory contents and/or read values when the set/reset is asserted and is not analyzed by the default static timing analysis. It is suggested to eliminate the use of a set/reset to registers driving this RAMB pin or else use a synchronous reset in which the assertion of the reset is timed by default.
Related violations: <none>

REQP-1840#3 Warning
RAMB18 async control check  
The RAMB18E1 eeg_bci_ps_pl_system_i/BCI_0/inst/accelerator/core/feature_memory/feature_memory_bank0_reg has an input control pin eeg_bci_ps_pl_system_i/BCI_0/inst/accelerator/core/feature_memory/feature_memory_bank0_reg/ADDRARDADDR[13] (net: eeg_bci_ps_pl_system_i/BCI_0/inst/accelerator/core/feature_memory/feature_memory_bank0_reg_0[9]) which is driven by a register (eeg_bci_ps_pl_system_i/BCI_0/inst/accelerator/core/datapath/active_opcode_reg[2]) that has an active asychronous set or reset. This may cause corruption of the memory contents and/or read values when the set/reset is asserted and is not analyzed by the default static timing analysis. It is suggested to eliminate the use of a set/reset to registers driving this RAMB pin or else use a synchronous reset in which the assertion of the reset is timed by default.
Related violations: <none>

REQP-1840#4 Warning
RAMB18 async control check  
The RAMB18E1 eeg_bci_ps_pl_system_i/BCI_0/inst/accelerator/core/feature_memory/feature_memory_bank0_reg has an input control pin eeg_bci_ps_pl_system_i/BCI_0/inst/accelerator/core/feature_memory/feature_memory_bank0_reg/ADDRARDADDR[13] (net: eeg_bci_ps_pl_system_i/BCI_0/inst/accelerator/core/feature_memory/feature_memory_bank0_reg_0[9]) which is driven by a register (eeg_bci_ps_pl_system_i/BCI_0/inst/accelerator/core/datapath/active_opcode_reg[3]_rep) that has an active asychronous set or reset. This may cause corruption of the memory contents and/or read values when the set/reset is asserted and is not analyzed by the default static timing analysis. It is suggested to eliminate the use of a set/reset to registers driving this RAMB pin or else use a synchronous reset in which the assertion of the reset is timed by default.
Related violations: <none>

REQP-1840#5 Warning
RAMB18 async control check  
The RAMB18E1 eeg_bci_ps_pl_system_i/BCI_0/inst/accelerator/core/feature_memory/feature_memory_bank0_reg has an input control pin eeg_bci_ps_pl_system_i/BCI_0/inst/accelerator/core/feature_memory/feature_memory_bank0_reg/ADDRARDADDR[13] (net: eeg_bci_ps_pl_system_i/BCI_0/inst/accelerator/core/feature_memory/feature_memory_bank0_reg_0[9]) which is driven by a register (eeg_bci_ps_pl_system_i/BCI_0/inst/accelerator/core/datapath/load_count_reg[0]) that has an active asychronous set or reset. This may cause corruption of the memory contents and/or read values when the set/reset is asserted and is not analyzed by the default static timing analysis. It is suggested to eliminate the use of a set/reset to registers driving this RAMB pin or else use a synchronous reset in which the assertion of the reset is timed by default.
Related violations: <none>

REQP-1840#6 Warning
RAMB18 async control check  
The RAMB18E1 eeg_bci_ps_pl_system_i/BCI_0/inst/accelerator/core/feature_memory/feature_memory_bank0_reg has an input control pin eeg_bci_ps_pl_system_i/BCI_0/inst/accelerator/core/feature_memory/feature_memory_bank0_reg/ADDRARDADDR[13] (net: eeg_bci_ps_pl_system_i/BCI_0/inst/accelerator/core/feature_memory/feature_memory_bank0_reg_0[9]) which is driven by a register (eeg_bci_ps_pl_system_i/BCI_0/inst/accelerator/core/datapath/load_count_reg[2]) that has an active asychronous set or reset. This may cause corruption of the memory contents and/or read values when the set/reset is asserted and is not analyzed by the default static timing analysis. It is suggested to eliminate the use of a set/reset to registers driving this RAMB pin or else use a synchronous reset in which the assertion of the reset is timed by default.
Related violations: <none>

REQP-1840#7 Warning
RAMB18 async control check  
The RAMB18E1 eeg_bci_ps_pl_system_i/BCI_0/inst/accelerator/core/feature_memory/feature_memory_bank0_reg has an input control pin eeg_bci_ps_pl_system_i/BCI_0/inst/accelerator/core/feature_memory/feature_memory_bank0_reg/ADDRARDADDR[13] (net: eeg_bci_ps_pl_system_i/BCI_0/inst/accelerator/core/feature_memory/feature_memory_bank0_reg_0[9]) which is driven by a register (eeg_bci_ps_pl_system_i/BCI_0/inst/accelerator/core/datapath/load_count_reg[3]) that has an active asychronous set or reset. This may cause corruption of the memory contents and/or read values when the set/reset is asserted and is not analyzed by the default static timing analysis. It is suggested to eliminate the use of a set/reset to registers driving this RAMB pin or else use a synchronous reset in which the assertion of the reset is timed by default.
Related violations: <none>

REQP-1840#8 Warning
RAMB18 async control check  
The RAMB18E1 eeg_bci_ps_pl_system_i/BCI_0/inst/accelerator/core/feature_memory/feature_memory_bank0_reg has an input control pin eeg_bci_ps_pl_system_i/BCI_0/inst/accelerator/core/feature_memory/feature_memory_bank0_reg/ADDRARDADDR[13] (net: eeg_bci_ps_pl_system_i/BCI_0/inst/accelerator/core/feature_memory/feature_memory_bank0_reg_0[9]) which is driven by a register (eeg_bci_ps_pl_system_i/BCI_0/inst/accelerator/core/datapath/load_count_reg[4]) that has an active asychronous set or reset. This may cause corruption of the memory contents and/or read values when the set/reset is asserted and is not analyzed by the default static timing analysis. It is suggested to eliminate the use of a set/reset to registers driving this RAMB pin or else use a synchronous reset in which the assertion of the reset is timed by default.
Related violations: <none>

REQP-1840#9 Warning
RAMB18 async control check  
The RAMB18E1 eeg_bci_ps_pl_system_i/BCI_0/inst/accelerator/core/feature_memory/feature_memory_bank0_reg has an input control pin eeg_bci_ps_pl_system_i/BCI_0/inst/accelerator/core/feature_memory/feature_memory_bank0_reg/ADDRARDADDR[13] (net: eeg_bci_ps_pl_system_i/BCI_0/inst/accelerator/core/feature_memory/feature_memory_bank0_reg_0[9]) which is driven by a register (eeg_bci_ps_pl_system_i/BCI_0/inst/accelerator/core/datapath/load_count_reg[7]) that has an active asychronous set or reset. This may cause corruption of the memory contents and/or read values when the set/reset is asserted and is not analyzed by the default static timing analysis. It is suggested to eliminate the use of a set/reset to registers driving this RAMB pin or else use a synchronous reset in which the assertion of the reset is timed by default.
Related violations: <none>

REQP-1840#10 Warning
RAMB18 async control check  
The RAMB18E1 eeg_bci_ps_pl_system_i/BCI_0/inst/accelerator/core/feature_memory/feature_memory_bank0_reg has an input control pin eeg_bci_ps_pl_system_i/BCI_0/inst/accelerator/core/feature_memory/feature_memory_bank0_reg/ADDRARDADDR[13] (net: eeg_bci_ps_pl_system_i/BCI_0/inst/accelerator/core/feature_memory/feature_memory_bank0_reg_0[9]) which is driven by a register (eeg_bci_ps_pl_system_i/BCI_0/inst/accelerator/core/datapath/load_count_reg[8]) that has an active asychronous set or reset. This may cause corruption of the memory contents and/or read values when the set/reset is asserted and is not analyzed by the default static timing analysis. It is suggested to eliminate the use of a set/reset to registers driving this RAMB pin or else use a synchronous reset in which the assertion of the reset is timed by default.
Related violations: <none>

REQP-1840#11 Warning
RAMB18 async control check  
The RAMB18E1 eeg_bci_ps_pl_system_i/BCI_0/inst/accelerator/core/feature_memory/feature_memory_bank0_reg has an input control pin eeg_bci_ps_pl_system_i/BCI_0/inst/accelerator/core/feature_memory/feature_memory_bank0_reg/ADDRARDADDR[13] (net: eeg_bci_ps_pl_system_i/BCI_0/inst/accelerator/core/feature_memory/feature_memory_bank0_reg_0[9]) which is driven by a register (eeg_bci_ps_pl_system_i/BCI_0/inst/accelerator/core/datapath/load_current_address_reg[0]) that has an active asychronous set or reset. This may cause corruption of the memory contents and/or read values when the set/reset is asserted and is not analyzed by the default static timing analysis. It is suggested to eliminate the use of a set/reset to registers driving this RAMB pin or else use a synchronous reset in which the assertion of the reset is timed by default.
Related violations: <none>

REQP-1840#12 Warning
RAMB18 async control check  
The RAMB18E1 eeg_bci_ps_pl_system_i/BCI_0/inst/accelerator/core/feature_memory/feature_memory_bank0_reg has an input control pin eeg_bci_ps_pl_system_i/BCI_0/inst/accelerator/core/feature_memory/feature_memory_bank0_reg/ADDRARDADDR[13] (net: eeg_bci_ps_pl_system_i/BCI_0/inst/accelerator/core/feature_memory/feature_memory_bank0_reg_0[9]) which is driven by a register (eeg_bci_ps_pl_system_i/BCI_0/inst/accelerator/core/datapath/load_current_address_reg[10]) that has an active asychronous set or reset. This may cause corruption of the memory contents and/or read values when the set/reset is asserted and is not analyzed by the default static timing analysis. It is suggested to eliminate the use of a set/reset to registers driving this RAMB pin or else use a synchronous reset in which the assertion of the reset is timed by default.
Related violations: <none>

REQP-1840#13 Warning
RAMB18 async control check  
The RAMB18E1 eeg_bci_ps_pl_system_i/BCI_0/inst/accelerator/core/feature_memory/feature_memory_bank0_reg has an input control pin eeg_bci_ps_pl_system_i/BCI_0/inst/accelerator/core/feature_memory/feature_memory_bank0_reg/ADDRARDADDR[13] (net: eeg_bci_ps_pl_system_i/BCI_0/inst/accelerator/core/feature_memory/feature_memory_bank0_reg_0[9]) which is driven by a register (eeg_bci_ps_pl_system_i/BCI_0/inst/accelerator/core/datapath/load_current_address_reg[11]) that has an active asychronous set or reset. This may cause corruption of the memory contents and/or read values when the set/reset is asserted and is not analyzed by the default static timing analysis. It is suggested to eliminate the use of a set/reset to registers driving this RAMB pin or else use a synchronous reset in which the assertion of the reset is timed by default.
Related violations: <none>

REQP-1840#14 Warning
RAMB18 async control check  
The RAMB18E1 eeg_bci_ps_pl_system_i/BCI_0/inst/accelerator/core/feature_memory/feature_memory_bank0_reg has an input control pin eeg_bci_ps_pl_system_i/BCI_0/inst/accelerator/core/feature_memory/feature_memory_bank0_reg/ADDRARDADDR[13] (net: eeg_bci_ps_pl_system_i/BCI_0/inst/accelerator/core/feature_memory/feature_memory_bank0_reg_0[9]) which is driven by a register (eeg_bci_ps_pl_system_i/BCI_0/inst/accelerator/core/datapath/load_current_address_reg[12]) that has an active asychronous set or reset. This may cause corruption of the memory contents and/or read values when the set/reset is asserted and is not analyzed by the default static timing analysis. It is suggested to eliminate the use of a set/reset to registers driving this RAMB pin or else use a synchronous reset in which the assertion of the reset is timed by default.
Related violations: <none>

REQP-1840#15 Warning
RAMB18 async control check  
The RAMB18E1 eeg_bci_ps_pl_system_i/BCI_0/inst/accelerator/core/feature_memory/feature_memory_bank0_reg has an input control pin eeg_bci_ps_pl_system_i/BCI_0/inst/accelerator/core/feature_memory/feature_memory_bank0_reg/ADDRARDADDR[13] (net: eeg_bci_ps_pl_system_i/BCI_0/inst/accelerator/core/feature_memory/feature_memory_bank0_reg_0[9]) which is driven by a register (eeg_bci_ps_pl_system_i/BCI_0/inst/accelerator/core/datapath/load_current_address_reg[1]) that has an active asychronous set or reset. This may cause corruption of the memory contents and/or read values when the set/reset is asserted and is not analyzed by the default static timing analysis. It is suggested to eliminate the use of a set/reset to registers driving this RAMB pin or else use a synchronous reset in which the assertion of the reset is timed by default.
Related violations: <none>

REQP-1840#16 Warning
RAMB18 async control check  
The RAMB18E1 eeg_bci_ps_pl_system_i/BCI_0/inst/accelerator/core/feature_memory/feature_memory_bank0_reg has an input control pin eeg_bci_ps_pl_system_i/BCI_0/inst/accelerator/core/feature_memory/feature_memory_bank0_reg/ADDRARDADDR[13] (net: eeg_bci_ps_pl_system_i/BCI_0/inst/accelerator/core/feature_memory/feature_memory_bank0_reg_0[9]) which is driven by a register (eeg_bci_ps_pl_system_i/BCI_0/inst/accelerator/core/datapath/load_current_address_reg[3]) that has an active asychronous set or reset. This may cause corruption of the memory contents and/or read values when the set/reset is asserted and is not analyzed by the default static timing analysis. It is suggested to eliminate the use of a set/reset to registers driving this RAMB pin or else use a synchronous reset in which the assertion of the reset is timed by default.
Related violations: <none>

REQP-1840#17 Warning
RAMB18 async control check  
The RAMB18E1 eeg_bci_ps_pl_system_i/BCI_0/inst/accelerator/core/feature_memory/feature_memory_bank0_reg has an input control pin eeg_bci_ps_pl_system_i/BCI_0/inst/accelerator/core/feature_memory/feature_memory_bank0_reg/ADDRARDADDR[13] (net: eeg_bci_ps_pl_system_i/BCI_0/inst/accelerator/core/feature_memory/feature_memory_bank0_reg_0[9]) which is driven by a register (eeg_bci_ps_pl_system_i/BCI_0/inst/accelerator/core/datapath/load_current_address_reg[5]) that has an active asychronous set or reset. This may cause corruption of the memory contents and/or read values when the set/reset is asserted and is not analyzed by the default static timing analysis. It is suggested to eliminate the use of a set/reset to registers driving this RAMB pin or else use a synchronous reset in which the assertion of the reset is timed by default.
Related violations: <none>

REQP-1840#18 Warning
RAMB18 async control check  
The RAMB18E1 eeg_bci_ps_pl_system_i/BCI_0/inst/accelerator/core/feature_memory/feature_memory_bank0_reg has an input control pin eeg_bci_ps_pl_system_i/BCI_0/inst/accelerator/core/feature_memory/feature_memory_bank0_reg/ADDRARDADDR[13] (net: eeg_bci_ps_pl_system_i/BCI_0/inst/accelerator/core/feature_memory/feature_memory_bank0_reg_0[9]) which is driven by a register (eeg_bci_ps_pl_system_i/BCI_0/inst/accelerator/core/datapath/load_current_address_reg[7]) that has an active asychronous set or reset. This may cause corruption of the memory contents and/or read values when the set/reset is asserted and is not analyzed by the default static timing analysis. It is suggested to eliminate the use of a set/reset to registers driving this RAMB pin or else use a synchronous reset in which the assertion of the reset is timed by default.
Related violations: <none>

REQP-1840#19 Warning
RAMB18 async control check  
The RAMB18E1 eeg_bci_ps_pl_system_i/BCI_0/inst/accelerator/core/feature_memory/feature_memory_bank0_reg has an input control pin eeg_bci_ps_pl_system_i/BCI_0/inst/accelerator/core/feature_memory/feature_memory_bank0_reg/ADDRARDADDR[13] (net: eeg_bci_ps_pl_system_i/BCI_0/inst/accelerator/core/feature_memory/feature_memory_bank0_reg_0[9]) which is driven by a register (eeg_bci_ps_pl_system_i/BCI_0/inst/accelerator/core/datapath/load_current_address_reg[9]) that has an active asychronous set or reset. This may cause corruption of the memory contents and/or read values when the set/reset is asserted and is not analyzed by the default static timing analysis. It is suggested to eliminate the use of a set/reset to registers driving this RAMB pin or else use a synchronous reset in which the assertion of the reset is timed by default.
Related violations: <none>

REQP-1840#20 Warning
RAMB18 async control check  
The RAMB18E1 eeg_bci_ps_pl_system_i/BCI_0/inst/accelerator/core/feature_memory/feature_memory_bank0_reg has an input control pin eeg_bci_ps_pl_system_i/BCI_0/inst/accelerator/core/feature_memory/feature_memory_bank0_reg/ADDRARDADDR[13] (net: eeg_bci_ps_pl_system_i/BCI_0/inst/accelerator/core/feature_memory/feature_memory_bank0_reg_0[9]) which is driven by a register (eeg_bci_ps_pl_system_i/BCI_0/inst/accelerator/core/datapath/load_dense_gather_reg) that has an active asychronous set or reset. This may cause corruption of the memory contents and/or read values when the set/reset is asserted and is not analyzed by the default static timing analysis. It is suggested to eliminate the use of a set/reset to registers driving this RAMB pin or else use a synchronous reset in which the assertion of the reset is timed by default.
Related violations: <none>


