Copyright 1986-2022 Xilinx, Inc. All Rights Reserved. Copyright 2022-2024 Advanced Micro Devices, Inc. All Rights Reserved.
----------------------------------------------------------------------------------------------------------------------------------------------
| Tool Version : Vivado v.2024.2 (win64) Build 5239630 Fri Nov 08 22:35:27 MST 2024
| Date         : Mon Jun 29 23:30:58 2026
| Host         : DESKTOP-ADCQ3LG running 64-bit major release  (build 9200)
| Command      : report_timing_summary -file G:/Codex_Workflow/Test_new/prj/Hi3593_v2/output/fpga/vivado/reports/post_impl_timing_summary.rpt
| Design       : ps_pl_system_wrapper
| Device       : 7z020-clg400
| Speed File   : -2  PRODUCTION 1.12 2019-11-22
| Design State : Routed
----------------------------------------------------------------------------------------------------------------------------------------------

Timing Summary Report

------------------------------------------------------------------------------------------------
| Timer Settings
| --------------
------------------------------------------------------------------------------------------------

  Enable Multi Corner Analysis               :  Yes
  Enable Pessimism Removal                   :  Yes
  Pessimism Removal Resolution               :  Nearest Common Node
  Enable Input Delay Default Clock           :  No
  Enable Preset / Clear Arcs                 :  No
  Disable Flight Delays                      :  No
  Ignore I/O Paths                           :  No
  Timing Early Launch at Borrowing Latches   :  No
  Borrow Time for Max Delay Exceptions       :  Yes
  Merge Timing Exceptions                    :  Yes
  Inter-SLR Compensation                     :  Conservative

  Corner  Analyze    Analyze    
  Name    Max Paths  Min Paths  
  ------  ---------  ---------  
  Slow    Yes        Yes        
  Fast    Yes        Yes        


------------------------------------------------------------------------------------------------
| Report Methodology
| ------------------
------------------------------------------------------------------------------------------------

Rule       Severity          Description                    Violations  
---------  ----------------  -----------------------------  ----------  
TIMING-17  Critical Warning  Non-clocked sequential cell    564         
LUTAR-1    Warning           LUT drives async reset alert   1           
TIMING-18  Warning           Missing input or output delay  3           

Note: This report is based on the most recent report_methodology run and may not be up-to-date. Run report_methodology on the current design for the latest report.



check_timing report

Table of Contents
-----------------
1. checking no_clock (564)
2. checking constant_clock (0)
3. checking pulse_width_clock (0)
4. checking unconstrained_internal_endpoints (1676)
5. checking no_input_delay (1)
6. checking no_output_delay (2)
7. checking multiple_clock (0)
8. checking generated_clocks (0)
9. checking loops (0)
10. checking partial_input_delay (0)
11. checking partial_output_delay (0)
12. checking latch_loops (0)

1. checking no_clock (564)
--------------------------
 There are 564 register/latch pins with no clock driven by root clock pin: ps_pl_system_i/hi3593_v2_proto_top_0/inst/control_reg_reg[2]/Q (HIGH)


2. checking constant_clock (0)
------------------------------
 There are 0 register/latch pins with constant_clock.


3. checking pulse_width_clock (0)
---------------------------------
 There are 0 register/latch pins which need pulse_width check


4. checking unconstrained_internal_endpoints (1676)
---------------------------------------------------
 There are 1676 pins that are not constrained for maximum delay. (HIGH)

 There are 0 pins that are not constrained for maximum delay due to constant clock.


5. checking no_input_delay (1)
------------------------------
 There is 1 input port with no input delay specified. (HIGH)

 There are 0 input ports with no input delay but user has a false path constraint.


6. checking no_output_delay (2)
-------------------------------
 There are 2 ports with no output delay specified. (HIGH)

 There are 0 ports with no output delay but user has a false path constraint

 There are 0 ports with no output delay but with a timing clock defined on it or propagating through it


7. checking multiple_clock (0)
------------------------------
 There are 0 register/latch pins with multiple clocks.


8. checking generated_clocks (0)
--------------------------------
 There are 0 generated clocks that are not connected to a clock source.


9. checking loops (0)
---------------------
 There are 0 combinational loops in the design.


10. checking partial_input_delay (0)
------------------------------------
 There are 0 input ports with partial input delay specified.


11. checking partial_output_delay (0)
-------------------------------------
 There are 0 ports with partial output delay specified.


12. checking latch_loops (0)
----------------------------
 There are 0 combinational latch loops in the design through latch input



------------------------------------------------------------------------------------------------
| Design Timing Summary
| ---------------------
------------------------------------------------------------------------------------------------

    WNS(ns)      TNS(ns)  TNS Failing Endpoints  TNS Total Endpoints      WHS(ns)      THS(ns)  THS Failing Endpoints  THS Total Endpoints     WPWS(ns)     TPWS(ns)  TPWS Failing Endpoints  TPWS Total Endpoints  
    -------      -------  ---------------------  -------------------      -------      -------  ---------------------  -------------------     --------     --------  ----------------------  --------------------  
      2.136        0.000                      0                10763        0.053        0.000                      0                10763        4.146        0.000                       0                  5203  


All user specified timing constraints are met.


------------------------------------------------------------------------------------------------
| Clock Summary
| -------------
------------------------------------------------------------------------------------------------

Clock           Waveform(ns)       Period(ns)      Frequency(MHz)
-----           ------------       ----------      --------------
clk_fpga_0      {0.000 5.000}      10.000          100.000         
sys_clk_20p000  {0.000 10.000}     20.000          50.000          


------------------------------------------------------------------------------------------------
| Intra Clock Table
| -----------------
------------------------------------------------------------------------------------------------

Clock             WNS(ns)      TNS(ns)  TNS Failing Endpoints  TNS Total Endpoints      WHS(ns)      THS(ns)  THS Failing Endpoints  THS Total Endpoints     WPWS(ns)     TPWS(ns)  TPWS Failing Endpoints  TPWS Total Endpoints  
-----             -------      -------  ---------------------  -------------------      -------      -------  ---------------------  -------------------     --------     --------  ----------------------  --------------------  
clk_fpga_0          2.136        0.000                      0                10761        0.053        0.000                      0                10761        4.146        0.000                       0                  5203  


------------------------------------------------------------------------------------------------
| Inter Clock Table
| -----------------
------------------------------------------------------------------------------------------------

From Clock    To Clock          WNS(ns)      TNS(ns)  TNS Failing Endpoints  TNS Total Endpoints      WHS(ns)      THS(ns)  THS Failing Endpoints  THS Total Endpoints  
----------    --------          -------      -------  ---------------------  -------------------      -------      -------  ---------------------  -------------------  


------------------------------------------------------------------------------------------------
| Other Path Groups Table
| -----------------------
------------------------------------------------------------------------------------------------

Path Group         From Clock         To Clock               WNS(ns)      TNS(ns)  TNS Failing Endpoints  TNS Total Endpoints      WHS(ns)      THS(ns)  THS Failing Endpoints  THS Total Endpoints  
----------         ----------         --------               -------      -------  ---------------------  -------------------      -------      -------  ---------------------  -------------------  
**async_default**  clk_fpga_0         clk_fpga_0               7.259        0.000                      0                    2        0.849        0.000                      0                    2  


------------------------------------------------------------------------------------------------
| Timing Details
| --------------
------------------------------------------------------------------------------------------------


---------------------------------------------------------------------------------------------------
From Clock:  clk_fpga_0
  To Clock:  clk_fpga_0

Setup :            0  Failing Endpoints,  Worst Slack        2.136ns,  Total Violation        0.000ns
Hold  :            0  Failing Endpoints,  Worst Slack        0.053ns,  Total Violation        0.000ns
PW    :            0  Failing Endpoints,  Worst Slack        4.146ns,  Total Violation        0.000ns
---------------------------------------------------------------------------------------------------


Max Delay Paths
--------------------------------------------------------------------------------------
Slack (MET) :             2.136ns  (required time - arrival time)
  Source:                 ps_pl_system_i/hi3593_v2_proto_top_0/inst/u_hi3593_v2_top/u_reset_ctrl/master_reset_reg/C
                            (rising edge-triggered cell FDPE clocked by clk_fpga_0  {rise@0.000ns fall@5.000ns period=10.000ns})
  Destination:            ps_pl_system_i/hi3593_v2_proto_top_0/inst/u_hi3593_v2_top/u_regs/rx1_label_memory_reg[227]/R
                            (rising edge-triggered cell FDRE clocked by clk_fpga_0  {rise@0.000ns fall@5.000ns period=10.000ns})
  Path Group:             clk_fpga_0
  Path Type:              Setup (Max at Slow Process Corner)
  Requirement:            10.000ns  (clk_fpga_0 rise@10.000ns - clk_fpga_0 rise@0.000ns)
  Data Path Delay:        7.340ns  (logic 0.379ns (5.164%)  route 6.961ns (94.836%))
  Logic Levels:           0  
  Clock Path Skew:        -0.018ns (DCD - SCD + CPR)
    Destination Clock Delay (DCD):    2.208ns = ( 12.208 - 10.000 ) 
    Source Clock Delay      (SCD):    2.447ns
    Clock Pessimism Removal (CPR):    0.221ns
  Clock Uncertainty:      0.154ns  ((TSJ^2 + TIJ^2)^1/2 + DJ) / 2 + PE
    Total System Jitter     (TSJ):    0.071ns
    Total Input Jitter      (TIJ):    0.300ns
    Discrete Jitter          (DJ):    0.000ns
    Phase Error              (PE):    0.000ns

    Location             Delay type                Incr(ns)  Path(ns)    Netlist Resource(s)
  -------------------------------------------------------------------    -------------------
                         (clock clk_fpga_0 rise edge)
                                                      0.000     0.000 r  
    PS7_X0Y0             PS7                          0.000     0.000 r  ps_pl_system_i/processing_system7_0/inst/PS7_i/FCLKCLK[0]
                         net (fo=1, routed)           0.994     0.994    ps_pl_system_i/processing_system7_0/inst/FCLK_CLK_unbuffered[0]
    BUFGCTRL_X0Y16       BUFG (Prop_bufg_I_O)         0.085     1.079 r  ps_pl_system_i/processing_system7_0/inst/buffer_fclk_clk_0.FCLK_CLK_0_BUFG/O
                         net (fo=5203, routed)        1.368     2.447    ps_pl_system_i/hi3593_v2_proto_top_0/inst/u_hi3593_v2_top/u_reset_ctrl/s00_axi_aclk
    SLICE_X53Y67         FDPE                                         r  ps_pl_system_i/hi3593_v2_proto_top_0/inst/u_hi3593_v2_top/u_reset_ctrl/master_reset_reg/C
  -------------------------------------------------------------------    -------------------
    SLICE_X53Y67         FDPE (Prop_fdpe_C_Q)         0.379     2.826 r  ps_pl_system_i/hi3593_v2_proto_top_0/inst/u_hi3593_v2_top/u_reset_ctrl/master_reset_reg/Q
                         net (fo=966, routed)         6.961     9.787    ps_pl_system_i/hi3593_v2_proto_top_0/inst/u_hi3593_v2_top/u_regs/master_reset
    SLICE_X52Y54         FDRE                                         r  ps_pl_system_i/hi3593_v2_proto_top_0/inst/u_hi3593_v2_top/u_regs/rx1_label_memory_reg[227]/R
  -------------------------------------------------------------------    -------------------

                         (clock clk_fpga_0 rise edge)
                                                     10.000    10.000 r  
    PS7_X0Y0             PS7                          0.000    10.000 r  ps_pl_system_i/processing_system7_0/inst/PS7_i/FCLKCLK[0]
                         net (fo=1, routed)           0.905    10.906    ps_pl_system_i/processing_system7_0/inst/FCLK_CLK_unbuffered[0]
    BUFGCTRL_X0Y16       BUFG (Prop_bufg_I_O)         0.077    10.983 r  ps_pl_system_i/processing_system7_0/inst/buffer_fclk_clk_0.FCLK_CLK_0_BUFG/O
                         net (fo=5203, routed)        1.225    12.208    ps_pl_system_i/hi3593_v2_proto_top_0/inst/u_hi3593_v2_top/u_regs/s00_axi_aclk
    SLICE_X52Y54         FDRE                                         r  ps_pl_system_i/hi3593_v2_proto_top_0/inst/u_hi3593_v2_top/u_regs/rx1_label_memory_reg[227]/C
                         clock pessimism              0.221    12.429    
                         clock uncertainty           -0.154    12.275    
    SLICE_X52Y54         FDRE (Setup_fdre_C_R)       -0.352    11.923    ps_pl_system_i/hi3593_v2_proto_top_0/inst/u_hi3593_v2_top/u_regs/rx1_label_memory_reg[227]
  -------------------------------------------------------------------
                         required time                         11.923    
                         arrival time                          -9.787    
  -------------------------------------------------------------------
                         slack                                  2.136    





Min Delay Paths
--------------------------------------------------------------------------------------
Slack (MET) :             0.053ns  (arrival time - required time)
  Source:                 ps_pl_system_i/ps7_0_axi_periph/s00_couplers/auto_pc/inst/gen_axilite.gen_b2s_conv.axilite_b2s/SI_REG/ar.ar_pipe/skid_buffer_reg[23]/C
                            (rising edge-triggered cell FDRE clocked by clk_fpga_0  {rise@0.000ns fall@5.000ns period=10.000ns})
  Destination:            ps_pl_system_i/ps7_0_axi_periph/s00_couplers/auto_pc/inst/gen_axilite.gen_b2s_conv.axilite_b2s/SI_REG/ar.ar_pipe/m_payload_i_reg[23]/D
                            (rising edge-triggered cell FDRE clocked by clk_fpga_0  {rise@0.000ns fall@5.000ns period=10.000ns})
  Path Group:             clk_fpga_0
  Path Type:              Hold (Min at Fast Process Corner)
  Requirement:            0.000ns  (clk_fpga_0 rise@0.000ns - clk_fpga_0 rise@0.000ns)
  Data Path Delay:        0.357ns  (logic 0.209ns (58.546%)  route 0.148ns (41.454%))
  Logic Levels:           1  (LUT3=1)
  Clock Path Skew:        0.183ns (DCD - SCD - CPR)
    Destination Clock Delay (DCD):    1.210ns
    Source Clock Delay      (SCD):    0.992ns
    Clock Pessimism Removal (CPR):    0.035ns

    Location             Delay type                Incr(ns)  Path(ns)    Netlist Resource(s)
  -------------------------------------------------------------------    -------------------
                         (clock clk_fpga_0 rise edge)
                                                      0.000     0.000 r  
    PS7_X0Y0             PS7                          0.000     0.000 r  ps_pl_system_i/processing_system7_0/inst/PS7_i/FCLKCLK[0]
                         net (fo=1, routed)           0.310     0.310    ps_pl_system_i/processing_system7_0/inst/FCLK_CLK_unbuffered[0]
    BUFGCTRL_X0Y16       BUFG (Prop_bufg_I_O)         0.026     0.336 r  ps_pl_system_i/processing_system7_0/inst/buffer_fclk_clk_0.FCLK_CLK_0_BUFG/O
                         net (fo=5203, routed)        0.656     0.992    ps_pl_system_i/ps7_0_axi_periph/s00_couplers/auto_pc/inst/gen_axilite.gen_b2s_conv.axilite_b2s/SI_REG/ar.ar_pipe/aclk
    SLICE_X26Y100        FDRE                                         r  ps_pl_system_i/ps7_0_axi_periph/s00_couplers/auto_pc/inst/gen_axilite.gen_b2s_conv.axilite_b2s/SI_REG/ar.ar_pipe/skid_buffer_reg[23]/C
  -------------------------------------------------------------------    -------------------
    SLICE_X26Y100        FDRE (Prop_fdre_C_Q)         0.164     1.156 r  ps_pl_system_i/ps7_0_axi_periph/s00_couplers/auto_pc/inst/gen_axilite.gen_b2s_conv.axilite_b2s/SI_REG/ar.ar_pipe/skid_buffer_reg[23]/Q
                         net (fo=1, routed)           0.148     1.304    ps_pl_system_i/ps7_0_axi_periph/s00_couplers/auto_pc/inst/gen_axilite.gen_b2s_conv.axilite_b2s/SI_REG/ar.ar_pipe/skid_buffer_reg_n_0_[23]
    SLICE_X26Y98         LUT3 (Prop_lut3_I2_O)        0.045     1.349 r  ps_pl_system_i/ps7_0_axi_periph/s00_couplers/auto_pc/inst/gen_axilite.gen_b2s_conv.axilite_b2s/SI_REG/ar.ar_pipe/m_payload_i[23]_i_1__0/O
                         net (fo=1, routed)           0.000     1.349    ps_pl_system_i/ps7_0_axi_periph/s00_couplers/auto_pc/inst/gen_axilite.gen_b2s_conv.axilite_b2s/SI_REG/ar.ar_pipe/m_payload_i[23]_i_1__0_n_0
    SLICE_X26Y98         FDRE                                         r  ps_pl_system_i/ps7_0_axi_periph/s00_couplers/auto_pc/inst/gen_axilite.gen_b2s_conv.axilite_b2s/SI_REG/ar.ar_pipe/m_payload_i_reg[23]/D
  -------------------------------------------------------------------    -------------------

                         (clock clk_fpga_0 rise edge)
                                                      0.000     0.000 r  
    PS7_X0Y0             PS7                          0.000     0.000 r  ps_pl_system_i/processing_system7_0/inst/PS7_i/FCLKCLK[0]
                         net (fo=1, routed)           0.337     0.337    ps_pl_system_i/processing_system7_0/inst/FCLK_CLK_unbuffered[0]
    BUFGCTRL_X0Y16       BUFG (Prop_bufg_I_O)         0.029     0.366 r  ps_pl_system_i/processing_system7_0/inst/buffer_fclk_clk_0.FCLK_CLK_0_BUFG/O
                         net (fo=5203, routed)        0.844     1.210    ps_pl_system_i/ps7_0_axi_periph/s00_couplers/auto_pc/inst/gen_axilite.gen_b2s_conv.axilite_b2s/SI_REG/ar.ar_pipe/aclk
    SLICE_X26Y98         FDRE                                         r  ps_pl_system_i/ps7_0_axi_periph/s00_couplers/auto_pc/inst/gen_axilite.gen_b2s_conv.axilite_b2s/SI_REG/ar.ar_pipe/m_payload_i_reg[23]/C
                         clock pessimism             -0.035     1.175    
    SLICE_X26Y98         FDRE (Hold_fdre_C_D)         0.121     1.296    ps_pl_system_i/ps7_0_axi_periph/s00_couplers/auto_pc/inst/gen_axilite.gen_b2s_conv.axilite_b2s/SI_REG/ar.ar_pipe/m_payload_i_reg[23]
  -------------------------------------------------------------------
                         required time                         -1.296    
                         arrival time                           1.349    
  -------------------------------------------------------------------
                         slack                                  0.053    





Pulse Width Checks
--------------------------------------------------------------------------------------
Clock Name:         clk_fpga_0
Waveform(ns):       { 0.000 5.000 }
Period(ns):         10.000
Sources:            { ps_pl_system_i/processing_system7_0/inst/PS7_i/FCLKCLK[0] }

Check Type        Corner  Lib Pin     Reference Pin  Required(ns)  Actual(ns)  Slack(ns)  Location        Pin
Min Period        n/a     BUFG/I      n/a            1.592         10.000      8.408      BUFGCTRL_X0Y16  ps_pl_system_i/processing_system7_0/inst/buffer_fclk_clk_0.FCLK_CLK_0_BUFG/I
Low Pulse Width   Slow    SRL16E/CLK  n/a            0.854         5.000       4.146      SLICE_X34Y86    ps_pl_system_i/axi_uartlite_0/U0/UARTLITE_CORE_I/UARTLITE_RX_I/data_shift_reg[13]_srl14___UARTLITE_CORE_I_UARTLITE_RX_I_data_shift_reg_r_12/CLK
High Pulse Width  Slow    SRL16E/CLK  n/a            0.854         5.000       4.146      SLICE_X34Y86    ps_pl_system_i/axi_uartlite_0/U0/UARTLITE_CORE_I/UARTLITE_RX_I/data_shift_reg[13]_srl14___UARTLITE_CORE_I_UARTLITE_RX_I_data_shift_reg_r_12/CLK



---------------------------------------------------------------------------------------------------
Path Group:  **async_default**
From Clock:  clk_fpga_0
  To Clock:  clk_fpga_0

Setup :            0  Failing Endpoints,  Worst Slack        7.259ns,  Total Violation        0.000ns
Hold  :            0  Failing Endpoints,  Worst Slack        0.849ns,  Total Violation        0.000ns
---------------------------------------------------------------------------------------------------


Max Delay Paths
--------------------------------------------------------------------------------------
Slack (MET) :             7.259ns  (required time - arrival time)
  Source:                 ps_pl_system_i/hi3593_v2_proto_top_0/inst/control_reg_reg[0]/C
                            (rising edge-triggered cell FDPE clocked by clk_fpga_0  {rise@0.000ns fall@5.000ns period=10.000ns})
  Destination:            ps_pl_system_i/hi3593_v2_proto_top_0/inst/u_hi3593_v2_top/u_reset_ctrl/fifo_reset_reg/PRE
                            (recovery check against rising-edge clock clk_fpga_0  {rise@0.000ns fall@5.000ns period=10.000ns})
  Path Group:             **async_default**
  Path Type:              Recovery (Max at Slow Process Corner)
  Requirement:            10.000ns  (clk_fpga_0 rise@10.000ns - clk_fpga_0 rise@0.000ns)
  Data Path Delay:        2.136ns  (logic 0.379ns (17.744%)  route 1.757ns (82.256%))
  Logic Levels:           0  
  Clock Path Skew:        -0.159ns (DCD - SCD + CPR)
    Destination Clock Delay (DCD):    2.201ns = ( 12.201 - 10.000 ) 
    Source Clock Delay      (SCD):    2.468ns
    Clock Pessimism Removal (CPR):    0.109ns
  Clock Uncertainty:      0.154ns  ((TSJ^2 + TIJ^2)^1/2 + DJ) / 2 + PE
    Total System Jitter     (TSJ):    0.071ns
    Total Input Jitter      (TIJ):    0.300ns
    Discrete Jitter          (DJ):    0.000ns
    Phase Error              (PE):    0.000ns

    Location             Delay type                Incr(ns)  Path(ns)    Netlist Resource(s)
  -------------------------------------------------------------------    -------------------
                         (clock clk_fpga_0 rise edge)
                                                      0.000     0.000 r  
    PS7_X0Y0             PS7                          0.000     0.000 r  ps_pl_system_i/processing_system7_0/inst/PS7_i/FCLKCLK[0]
                         net (fo=1, routed)           0.994     0.994    ps_pl_system_i/processing_system7_0/inst/FCLK_CLK_unbuffered[0]
    BUFGCTRL_X0Y16       BUFG (Prop_bufg_I_O)         0.085     1.079 r  ps_pl_system_i/processing_system7_0/inst/buffer_fclk_clk_0.FCLK_CLK_0_BUFG/O
                         net (fo=5203, routed)        1.389     2.468    ps_pl_system_i/hi3593_v2_proto_top_0/inst/s00_axi_aclk
    SLICE_X39Y90         FDPE                                         r  ps_pl_system_i/hi3593_v2_proto_top_0/inst/control_reg_reg[0]/C
  -------------------------------------------------------------------    -------------------
    SLICE_X39Y90         FDPE (Prop_fdpe_C_Q)         0.379     2.847 f  ps_pl_system_i/hi3593_v2_proto_top_0/inst/control_reg_reg[0]/Q
                         net (fo=283, routed)         1.757     4.604    ps_pl_system_i/hi3593_v2_proto_top_0/inst/u_hi3593_v2_top/u_reset_ctrl/fifo_reset_reg_0[0]
    SLICE_X53Y67         FDPE                                         f  ps_pl_system_i/hi3593_v2_proto_top_0/inst/u_hi3593_v2_top/u_reset_ctrl/fifo_reset_reg/PRE
  -------------------------------------------------------------------    -------------------

                         (clock clk_fpga_0 rise edge)
                                                     10.000    10.000 r  
    PS7_X0Y0             PS7                          0.000    10.000 r  ps_pl_system_i/processing_system7_0/inst/PS7_i/FCLKCLK[0]
                         net (fo=1, routed)           0.905    10.906    ps_pl_system_i/processing_system7_0/inst/FCLK_CLK_unbuffered[0]
    BUFGCTRL_X0Y16       BUFG (Prop_bufg_I_O)         0.077    10.983 r  ps_pl_system_i/processing_system7_0/inst/buffer_fclk_clk_0.FCLK_CLK_0_BUFG/O
                         net (fo=5203, routed)        1.218    12.201    ps_pl_system_i/hi3593_v2_proto_top_0/inst/u_hi3593_v2_top/u_reset_ctrl/s00_axi_aclk
    SLICE_X53Y67         FDPE                                         r  ps_pl_system_i/hi3593_v2_proto_top_0/inst/u_hi3593_v2_top/u_reset_ctrl/fifo_reset_reg/C
                         clock pessimism              0.109    12.309    
                         clock uncertainty           -0.154    12.155    
    SLICE_X53Y67         FDPE (Recov_fdpe_C_PRE)     -0.292    11.863    ps_pl_system_i/hi3593_v2_proto_top_0/inst/u_hi3593_v2_top/u_reset_ctrl/fifo_reset_reg
  -------------------------------------------------------------------
                         required time                         11.863    
                         arrival time                          -4.604    
  -------------------------------------------------------------------
                         slack                                  7.259    





Min Delay Paths
--------------------------------------------------------------------------------------
Slack (MET) :             0.849ns  (arrival time - required time)
  Source:                 ps_pl_system_i/hi3593_v2_proto_top_0/inst/control_reg_reg[0]/C
                            (rising edge-triggered cell FDPE clocked by clk_fpga_0  {rise@0.000ns fall@5.000ns period=10.000ns})
  Destination:            ps_pl_system_i/hi3593_v2_proto_top_0/inst/u_hi3593_v2_top/u_reset_ctrl/fifo_reset_reg/PRE
                            (removal check against rising-edge clock clk_fpga_0  {rise@0.000ns fall@5.000ns period=10.000ns})
  Path Group:             **async_default**
  Path Type:              Removal (Min at Fast Process Corner)
  Requirement:            0.000ns  (clk_fpga_0 rise@0.000ns - clk_fpga_0 rise@0.000ns)
  Data Path Delay:        1.006ns  (logic 0.141ns (14.017%)  route 0.865ns (85.983%))
  Logic Levels:           0  
  Clock Path Skew:        0.252ns (DCD - SCD - CPR)
    Destination Clock Delay (DCD):    1.178ns
    Source Clock Delay      (SCD):    0.891ns
    Clock Pessimism Removal (CPR):    0.035ns

    Location             Delay type                Incr(ns)  Path(ns)    Netlist Resource(s)
  -------------------------------------------------------------------    -------------------
                         (clock clk_fpga_0 rise edge)
                                                      0.000     0.000 r  
    PS7_X0Y0             PS7                          0.000     0.000 r  ps_pl_system_i/processing_system7_0/inst/PS7_i/FCLKCLK[0]
                         net (fo=1, routed)           0.310     0.310    ps_pl_system_i/processing_system7_0/inst/FCLK_CLK_unbuffered[0]
    BUFGCTRL_X0Y16       BUFG (Prop_bufg_I_O)         0.026     0.336 r  ps_pl_system_i/processing_system7_0/inst/buffer_fclk_clk_0.FCLK_CLK_0_BUFG/O
                         net (fo=5203, routed)        0.555     0.891    ps_pl_system_i/hi3593_v2_proto_top_0/inst/s00_axi_aclk
    SLICE_X39Y90         FDPE                                         r  ps_pl_system_i/hi3593_v2_proto_top_0/inst/control_reg_reg[0]/C
  -------------------------------------------------------------------    -------------------
    SLICE_X39Y90         FDPE (Prop_fdpe_C_Q)         0.141     1.032 f  ps_pl_system_i/hi3593_v2_proto_top_0/inst/control_reg_reg[0]/Q
                         net (fo=283, routed)         0.865     1.897    ps_pl_system_i/hi3593_v2_proto_top_0/inst/u_hi3593_v2_top/u_reset_ctrl/fifo_reset_reg_0[0]
    SLICE_X53Y67         FDPE                                         f  ps_pl_system_i/hi3593_v2_proto_top_0/inst/u_hi3593_v2_top/u_reset_ctrl/fifo_reset_reg/PRE
  -------------------------------------------------------------------    -------------------

                         (clock clk_fpga_0 rise edge)
                                                      0.000     0.000 r  
    PS7_X0Y0             PS7                          0.000     0.000 r  ps_pl_system_i/processing_system7_0/inst/PS7_i/FCLKCLK[0]
                         net (fo=1, routed)           0.337     0.337    ps_pl_system_i/processing_system7_0/inst/FCLK_CLK_unbuffered[0]
    BUFGCTRL_X0Y16       BUFG (Prop_bufg_I_O)         0.029     0.366 r  ps_pl_system_i/processing_system7_0/inst/buffer_fclk_clk_0.FCLK_CLK_0_BUFG/O
                         net (fo=5203, routed)        0.812     1.178    ps_pl_system_i/hi3593_v2_proto_top_0/inst/u_hi3593_v2_top/u_reset_ctrl/s00_axi_aclk
    SLICE_X53Y67         FDPE                                         r  ps_pl_system_i/hi3593_v2_proto_top_0/inst/u_hi3593_v2_top/u_reset_ctrl/fifo_reset_reg/C
                         clock pessimism             -0.035     1.143    
    SLICE_X53Y67         FDPE (Remov_fdpe_C_PRE)     -0.095     1.048    ps_pl_system_i/hi3593_v2_proto_top_0/inst/u_hi3593_v2_top/u_reset_ctrl/fifo_reset_reg
  -------------------------------------------------------------------
                         required time                         -1.048    
                         arrival time                           1.897    
  -------------------------------------------------------------------
                         slack                                  0.849    





